// 同步 ID: d9309939 @ Tue Jul 21 04:08:29 UTC 2026
// 同步 ID: 59e6166c @ Tue Jul 21 12:45:38 UTC 2026
// 重构日志: 74cac002
// 重构日志: 2daba89a
// 同步 ID: aa8a17c2 @ Wed Jul 22 03:53:20 UTC 2026
// 重构日志: 40577621
// 重构日志: be1cab11
// 重构日志: 4c78c132
// 重构日志: c82dab27
// 重构日志: 465cae5a
// 重构日志: dcadbb07
// 同步 ID: 264372e4 @ Fri Jul 24 04:20:04 UTC 2026
// 重构日志: 0b7605b6
// 同步 ID: 6a98cc2b @ Fri Jul 24 14:49:48 UTC 2026
// 同步 ID: 22913f95 @ Sat Jul 25 07:20:25 UTC 2026
// 同步 ID: df43680d @ Sat Jul 25 12:43:24 UTC 2026
// 重构日志: ecc3953c
// 重构日志: 4999bbb2
// 同步 ID: 818cd109 @ Mon Jul 27 13:15:11 UTC 2026
// 重构日志: 05693166
// 重构日志: a087a700
// 同步 ID: 43662f82 @ Wed Jul 29 03:49:00 UTC 2026
// 同步 ID: ad19b41f @ Wed Jul 29 10:26:45 UTC 2026
// 同步 ID: 42a1ad02 @ Wed Jul 29 12:26:30 UTC 2026
// 重构日志: b7ae77c8
// 同步 ID: cd451041 @ Thu Jul 30 12:42:56 UTC 2026
// 重构日志: a3ea79a9
// 同步 ID: fa2e80d2 @ Fri Jul 31 13:06:46 UTC 2026
// 重构日志: ce8cb1a3
// 同步 ID: 3bd78dd0 @ Sun Aug  2 11:47:43 UTC 2026
// 重构日志: e2ddfe98
